MemTotal:       16254132 kB     Writeback:             0 kB     VmallocChunk:          0 kB
MemFree:          162652 kB     AnonPages:       2780004 kB     Percpu:             8352 kB
MemAvailable:   12234416 kB     Mapped:           679632 kB     HardwareCorrupted:     0 kB
Buffers:          847972 kB     Shmem:            523880 kB     AnonHugePages:    958464 kB
Cached:         10959104 kB     KReclaimable:    1124064 kB     ShmemHugePages:        0 kB
SwapCached:        13276 kB     Slab:            1233300 kB     ShmemPmdMapped:        0 kB
Active:          3252848 kB     SReclaimable:    1124064 kB     FileHugePages:         0 kB
Inactive:       11343484 kB     SUnreclaim:       109236 kB     FilePmdMapped:         0 kB
Active(anon):     393416 kB     KernelStack:       16512 kB     HugePages_Total:       0
Inactive(anon):  2919760 kB     PageTables:        79092 kB     HugePages_Free:        0
Active(file):    2859432 kB     NFS_Unstable:          0 kB     HugePages_Rsvd:        0
Inactive(file):  8423724 kB     Bounce:                0 kB     HugePages_Surp:        0
Unevictable:       75032 kB     WritebackTmp:          0 kB     Hugepagesize:       2048 kB
Mlocked:              32 kB     CommitLimit:    16417364 kB     Hugetlb:               0 kB
SwapTotal:       8290300 kB     Committed_AS:   10351404 kB     DirectMap4k:      497740 kB
SwapFree:        7911980 kB     VmallocTotal:   34359738367 kB  DirectMap2M:    16152576 kB
Dirty:                60 kB     VmallocUsed:       28256 kB     DirectMap1G:     1048576 kB
